{
  "version": "1.5.0",
  "plugins_used": [
    {
      "name": "ArtifactoryDetector"
    },
    {
      "name": "AWSKeyDetector"
    },
    {
      "name": "AzureStorageKeyDetector"
    },
    {
      "name": "Base64HighEntropyString",
      "limit": 4.5
    },
    {
      "name": "BasicAuthDetector"
    },
    {
      "name": "CloudantDetector"
    },
    {
      "name": "DiscordBotTokenDetector"
    },
    {
      "name": "GitHubTokenDetector"
    },
    {
      "name": "GitLabTokenDetector"
    },
    {
      "name": "HexHighEntropyString",
      "limit": 3.0
    },
    {
      "name": "IbmCloudIamDetector"
    },
    {
      "name": "IbmCosHmacDetector"
    },
    {
      "name": "IPPublicDetector"
    },
    {
      "name": "JwtTokenDetector"
    },
    {
      "name": "KeywordDetector",
      "keyword_exclude": ""
    },
    {
      "name": "MailchimpDetector"
    },
    {
      "name": "NpmDetector"
    },
    {
      "name": "OpenAIDetector"
    },
    {
      "name": "PrivateKeyDetector"
    },
    {
      "name": "PypiTokenDetector"
    },
    {
      "name": "SendGridDetector"
    },
    {
      "name": "SlackDetector"
    },
    {
      "name": "SoftlayerDetector"
    },
    {
      "name": "SquareOAuthDetector"
    },
    {
      "name": "StripeDetector"
    },
    {
      "name": "TelegramBotTokenDetector"
    },
    {
      "name": "TwilioKeyDetector"
    }
  ],
  "filters_used": [
    {
      "path": "detect_secrets.filters.allowlist.is_line_allowlisted"
    },
    {
      "path": "detect_secrets.filters.common.is_ignored_due_to_verification_policies",
      "min_level": 2
    },
    {
      "path": "detect_secrets.filters.heuristic.is_indirect_reference"
    },
    {
      "path": "detect_secrets.filters.heuristic.is_likely_id_string"
    },
    {
      "path": "detect_secrets.filters.heuristic.is_lock_file"
    },
    {
      "path": "detect_secrets.filters.heuristic.is_not_alphanumeric_string"
    },
    {
      "path": "detect_secrets.filters.heuristic.is_potential_uuid"
    },
    {
      "path": "detect_secrets.filters.heuristic.is_prefixed_with_dollar_sign"
    },
    {
      "path": "detect_secrets.filters.heuristic.is_sequential_string"
    },
    {
      "path": "detect_secrets.filters.heuristic.is_swagger_file"
    },
    {
      "path": "detect_secrets.filters.heuristic.is_templated_secret"
    }
  ],
  "results": {
    "README.md": [
      {
        "type": "Basic Auth Credentials",
        "filename": "README.md",
        "hashed_secret": "eb3591cac1239f323ddb46e0ef040587c69e2edc",
        "is_verified": false,
        "line_number": 598
      }
    ],
    "docs/audits/AUDIT_RAG_cyranoaladin.md": [
      {
        "type": "Basic Auth Credentials",
        "filename": "docs/audits/AUDIT_RAG_cyranoaladin.md",
        "hashed_secret": "eb3591cac1239f323ddb46e0ef040587c69e2edc",
        "is_verified": false,
        "line_number": 198
      }
    ],
    "docs/audits/baseline_retrieval_prod.json": [
      {
        "type": "Hex High Entropy String",
        "filename": "docs/audits/baseline_retrieval_prod.json",
        "hashed_secret": "b7e259f9a8b78644268de07ba863d9a9e3c2a9fa",
        "is_verified": false,
        "line_number": 27
      },
      {
        "type": "Hex High Entropy String",
        "filename": "docs/audits/baseline_retrieval_prod.json",
        "hashed_secret": "1394131f1192fae00a7d26303fd3253fe14547e5",
        "is_verified": false,
        "line_number": 48
      },
      {
        "type": "Hex High Entropy String",
        "filename": "docs/audits/baseline_retrieval_prod.json",
        "hashed_secret": "95b595542bacd271bdf29542b4bc0b61a7c06232",
        "is_verified": false,
        "line_number": 71
      },
      {
        "type": "Hex High Entropy String",
        "filename": "docs/audits/baseline_retrieval_prod.json",
        "hashed_secret": "aa450935190f6fd4f7494802bc85c2e87a301402",
        "is_verified": false,
        "line_number": 89
      },
      {
        "type": "Hex High Entropy String",
        "filename": "docs/audits/baseline_retrieval_prod.json",
        "hashed_secret": "e846b8e2e0c7585321f7d94df0ca9c57e2dfdfc6",
        "is_verified": false,
        "line_number": 122
      },
      {
        "type": "Hex High Entropy String",
        "filename": "docs/audits/baseline_retrieval_prod.json",
        "hashed_secret": "be6e0846a72605d51e3033820102fac8d6cb46a2",
        "is_verified": false,
        "line_number": 140
      },
      {
        "type": "Hex High Entropy String",
        "filename": "docs/audits/baseline_retrieval_prod.json",
        "hashed_secret": "4f56cdcb9243a963313a879618480f921d754129",
        "is_verified": false,
        "line_number": 158
      },
      {
        "type": "Hex High Entropy String",
        "filename": "docs/audits/baseline_retrieval_prod.json",
        "hashed_secret": "dc2b9ec7f8a10b5e2ab6897ab0c435586ae09f5a",
        "is_verified": false,
        "line_number": 181
      },
      {
        "type": "Hex High Entropy String",
        "filename": "docs/audits/baseline_retrieval_prod.json",
        "hashed_secret": "0613b6ca3be49a30e98b0af87a53214e315e8b2e",
        "is_verified": false,
        "line_number": 214
      },
      {
        "type": "Hex High Entropy String",
        "filename": "docs/audits/baseline_retrieval_prod.json",
        "hashed_secret": "9815603b71226ce0a136c4e522ddd66eb7968510",
        "is_verified": false,
        "line_number": 235
      },
      {
        "type": "Hex High Entropy String",
        "filename": "docs/audits/baseline_retrieval_prod.json",
        "hashed_secret": "319c720ddf6a7d40076c632cbb1a3650f15770db",
        "is_verified": false,
        "line_number": 258
      },
      {
        "type": "Hex High Entropy String",
        "filename": "docs/audits/baseline_retrieval_prod.json",
        "hashed_secret": "4eb41e34cf9256528c951115838c852a24660236",
        "is_verified": false,
        "line_number": 281
      },
      {
        "type": "Hex High Entropy String",
        "filename": "docs/audits/baseline_retrieval_prod.json",
        "hashed_secret": "de597d421518dee9acb46c88d37181c5550b0eb0",
        "is_verified": false,
        "line_number": 314
      },
      {
        "type": "Hex High Entropy String",
        "filename": "docs/audits/baseline_retrieval_prod.json",
        "hashed_secret": "2f912acb6284ccddf1d928970d8646d43ab53095",
        "is_verified": false,
        "line_number": 337
      },
      {
        "type": "Hex High Entropy String",
        "filename": "docs/audits/baseline_retrieval_prod.json",
        "hashed_secret": "e4aaba5503b29b9d22d5c16f681f914c25e2355b",
        "is_verified": false,
        "line_number": 360
      },
      {
        "type": "Hex High Entropy String",
        "filename": "docs/audits/baseline_retrieval_prod.json",
        "hashed_secret": "0ae77110728a8847c423e716b74a23589459bd22",
        "is_verified": false,
        "line_number": 383
      },
      {
        "type": "Hex High Entropy String",
        "filename": "docs/audits/baseline_retrieval_prod.json",
        "hashed_secret": "f1d64bf4aa654a4c61388cafb1b71599caa487f7",
        "is_verified": false,
        "line_number": 411
      },
      {
        "type": "Hex High Entropy String",
        "filename": "docs/audits/baseline_retrieval_prod.json",
        "hashed_secret": "acd2b0b2282ffdb2af4f812b3bba011eebdb684e",
        "is_verified": false,
        "line_number": 434
      },
      {
        "type": "Hex High Entropy String",
        "filename": "docs/audits/baseline_retrieval_prod.json",
        "hashed_secret": "4eedf4181af4146a70d76190d9dbd7ebd9f4fb9d",
        "is_verified": false,
        "line_number": 457
      },
      {
        "type": "Hex High Entropy String",
        "filename": "docs/audits/baseline_retrieval_prod.json",
        "hashed_secret": "4b1b935c4189f0a881f33902100d994146a2988d",
        "is_verified": false,
        "line_number": 480
      },
      {
        "type": "Hex High Entropy String",
        "filename": "docs/audits/baseline_retrieval_prod.json",
        "hashed_secret": "280f5ce6be8c3e5e6ff0553b599195faa1b96ba6",
        "is_verified": false,
        "line_number": 513
      },
      {
        "type": "Hex High Entropy String",
        "filename": "docs/audits/baseline_retrieval_prod.json",
        "hashed_secret": "c1ea093b9a511fdea21582cb5ff0a4c6cfccdcfc",
        "is_verified": false,
        "line_number": 532
      },
      {
        "type": "Hex High Entropy String",
        "filename": "docs/audits/baseline_retrieval_prod.json",
        "hashed_secret": "df47b9db4c870e029c7f620ec79fe8c808b714d7",
        "is_verified": false,
        "line_number": 551
      },
      {
        "type": "Hex High Entropy String",
        "filename": "docs/audits/baseline_retrieval_prod.json",
        "hashed_secret": "d9a8e3f83697930f8ac8e9d7ff618a4c80d32fb0",
        "is_verified": false,
        "line_number": 599
      },
      {
        "type": "Hex High Entropy String",
        "filename": "docs/audits/baseline_retrieval_prod.json",
        "hashed_secret": "ddbeafcabbd4f430496f8eda4afd9abcbf11adb1",
        "is_verified": false,
        "line_number": 618
      },
      {
        "type": "Hex High Entropy String",
        "filename": "docs/audits/baseline_retrieval_prod.json",
        "hashed_secret": "c6fb573097cee59860e31f8c73d2248c8f3e6746",
        "is_verified": false,
        "line_number": 637
      },
      {
        "type": "Hex High Entropy String",
        "filename": "docs/audits/baseline_retrieval_prod.json",
        "hashed_secret": "cdb1e800f420d8398035333ca7cea631cb3b5ede",
        "is_verified": false,
        "line_number": 656
      },
      {
        "type": "Hex High Entropy String",
        "filename": "docs/audits/baseline_retrieval_prod.json",
        "hashed_secret": "04703de9919ffee458a615e6b0912c446e2ccadf",
        "is_verified": false,
        "line_number": 704
      },
      {
        "type": "Hex High Entropy String",
        "filename": "docs/audits/baseline_retrieval_prod.json",
        "hashed_secret": "fdc8ea4f0a6566f3e3894f163de1fa8220405e3b",
        "is_verified": false,
        "line_number": 742
      },
      {
        "type": "Hex High Entropy String",
        "filename": "docs/audits/baseline_retrieval_prod.json",
        "hashed_secret": "e5cbe18f682b9a681175ab3125508b7565bd1ed3",
        "is_verified": false,
        "line_number": 771
      },
      {
        "type": "Hex High Entropy String",
        "filename": "docs/audits/baseline_retrieval_prod.json",
        "hashed_secret": "35f7d51d32a1f0d45406c4af3b40fadeb39ebeba",
        "is_verified": false,
        "line_number": 817
      },
      {
        "type": "Hex High Entropy String",
        "filename": "docs/audits/baseline_retrieval_prod.json",
        "hashed_secret": "5b486b0017d6c2d4c925bab695b3d9aa4e4ccce8",
        "is_verified": false,
        "line_number": 840
      },
      {
        "type": "Hex High Entropy String",
        "filename": "docs/audits/baseline_retrieval_prod.json",
        "hashed_secret": "d5e48f2c3cf85c53c172852863b19805e2cd09c7",
        "is_verified": false,
        "line_number": 896
      },
      {
        "type": "Hex High Entropy String",
        "filename": "docs/audits/baseline_retrieval_prod.json",
        "hashed_secret": "43c6d689fe450b9e9be3edc4ca074a225fa06ef5",
        "is_verified": false,
        "line_number": 919
      },
      {
        "type": "Hex High Entropy String",
        "filename": "docs/audits/baseline_retrieval_prod.json",
        "hashed_secret": "02f97282cd4bac1c22beaf9d93f10b3b9ca6da8a",
        "is_verified": false,
        "line_number": 942
      },
      {
        "type": "Hex High Entropy String",
        "filename": "docs/audits/baseline_retrieval_prod.json",
        "hashed_secret": "faebf1bcec35d8d7609dcd85fca886daa33c7706",
        "is_verified": false,
        "line_number": 998
      },
      {
        "type": "Hex High Entropy String",
        "filename": "docs/audits/baseline_retrieval_prod.json",
        "hashed_secret": "7d8bbd7cec77058028ea0c078d2de74136b20dda",
        "is_verified": false,
        "line_number": 1021
      },
      {
        "type": "Hex High Entropy String",
        "filename": "docs/audits/baseline_retrieval_prod.json",
        "hashed_secret": "3fc03505d13dbc47036ed1c4eb89b1a7879cc54d",
        "is_verified": false,
        "line_number": 1044
      },
      {
        "type": "Hex High Entropy String",
        "filename": "docs/audits/baseline_retrieval_prod.json",
        "hashed_secret": "a4a148f4918eccd0c8d7dd4f75444f39b2a1c39b",
        "is_verified": false,
        "line_number": 1077
      },
      {
        "type": "Hex High Entropy String",
        "filename": "docs/audits/baseline_retrieval_prod.json",
        "hashed_secret": "7876aceed7371c13eef4aa23ad0a8cfd917c23c6",
        "is_verified": false,
        "line_number": 1100
      },
      {
        "type": "Hex High Entropy String",
        "filename": "docs/audits/baseline_retrieval_prod.json",
        "hashed_secret": "ac1cf22a17e00b8a2f7596a06167f45db0c27c64",
        "is_verified": false,
        "line_number": 1146
      }
    ],
    "packages/contracts/tests/test_profile_auth.py": [
      {
        "type": "Secret Keyword",
        "filename": "packages/contracts/tests/test_profile_auth.py",
        "hashed_secret": "d4e0e04792fd434b5dc9c4155c178f66edcf4ed3",
        "is_verified": false,
        "line_number": 20
      }
    ],
    "services/rag-engine/dev/http/rest-settings.http": [
      {
        "type": "Hex High Entropy String",
        "filename": "services/rag-engine/dev/http/rest-settings.http",
        "hashed_secret": "60974087639f214f018b011c921a3417df26b679",
        "is_verified": false,
        "line_number": 10
      },
      {
        "type": "Base64 High Entropy String",
        "filename": "services/rag-engine/dev/http/rest-settings.http",
        "hashed_secret": "8e3d1a0f71e060c1d5af9724a47ef9dd478ffe2e",
        "is_verified": false,
        "line_number": 10
      },
      {
        "type": "Secret Keyword",
        "filename": "services/rag-engine/dev/http/rest-settings.http",
        "hashed_secret": "8e3d1a0f71e060c1d5af9724a47ef9dd478ffe2e",
        "is_verified": false,
        "line_number": 10
      }
    ],
    "services/rag-engine/infra/docker-compose.pgvector.yml": [
      {
        "type": "Secret Keyword",
        "filename": "services/rag-engine/infra/docker-compose.pgvector.yml",
        "hashed_secret": "eb3591cac1239f323ddb46e0ef040587c69e2edc",
        "is_verified": false,
        "line_number": 7
      }
    ],
    "services/rag-engine/infra/ollama/ollama-tags.json": [
      {
        "type": "Hex High Entropy String",
        "filename": "services/rag-engine/infra/ollama/ollama-tags.json",
        "hashed_secret": "72871798d53e2526ae74f597975838cf955fbe49",
        "is_verified": false,
        "line_number": 1
      },
      {
        "type": "Hex High Entropy String",
        "filename": "services/rag-engine/infra/ollama/ollama-tags.json",
        "hashed_secret": "ef9ea9e997b8fc38310d02069f711b2f6433ff6f",
        "is_verified": false,
        "line_number": 1
      }
    ],
    "services/rag-engine/scripts/migrate_chroma_to_pgvector.py": [
      {
        "type": "Basic Auth Credentials",
        "filename": "services/rag-engine/scripts/migrate_chroma_to_pgvector.py",
        "hashed_secret": "9d4e1e23bd5b727046a9e3b4b7db57bd8d6ee684",
        "is_verified": false,
        "line_number": 9
      }
    ],
    "services/rag-engine/scripts/migrate_qdrant_to_pgvector.py": [
      {
        "type": "Basic Auth Credentials",
        "filename": "services/rag-engine/scripts/migrate_qdrant_to_pgvector.py",
        "hashed_secret": "9d4e1e23bd5b727046a9e3b4b7db57bd8d6ee684",
        "is_verified": false,
        "line_number": 10
      }
    ],
    "services/rag-engine/src/backend/core/config.py": [
      {
        "type": "Basic Auth Credentials",
        "filename": "services/rag-engine/src/backend/core/config.py",
        "hashed_secret": "ec639bdee9e8b893610113fad75135c940f02b0f",
        "is_verified": false,
        "line_number": 20
      }
    ],
    "services/rag-engine/tests/backend/test_auth.py": [
      {
        "type": "Secret Keyword",
        "filename": "services/rag-engine/tests/backend/test_auth.py",
        "hashed_secret": "33698c47605f4a2272074f4c53614ac8a001e140",
        "is_verified": false,
        "line_number": 23
      }
    ],
    "services/rag-engine/tests/integration/test_pgvector.py": [
      {
        "type": "Basic Auth Credentials",
        "filename": "services/rag-engine/tests/integration/test_pgvector.py",
        "hashed_secret": "a94a8fe5ccb19ba61c4c0873d391e987982fbbd3",
        "is_verified": false,
        "line_number": 6
      }
    ],
    "services/rag-engine/tests/test_retrieval_api.py": [
      {
        "type": "Secret Keyword",
        "filename": "services/rag-engine/tests/test_retrieval_api.py",
        "hashed_secret": "c195e07bbb4f6e10b86d67b8ded5f5ceed6b95f1",
        "is_verified": false,
        "line_number": 32
      }
    ],
    "services/rag-pedago/configs/metadata_governance_chain.yml": [
      {
        "type": "Hex High Entropy String",
        "filename": "services/rag-pedago/configs/metadata_governance_chain.yml",
        "hashed_secret": "fd4c3c3b5585fbefe5f5c848789f51766e6425a5",
        "is_verified": false,
        "line_number": 4
      }
    ],
    "services/rag-pedago/configs/metadata_review_handoff.yml": [
      {
        "type": "Hex High Entropy String",
        "filename": "services/rag-pedago/configs/metadata_review_handoff.yml",
        "hashed_secret": "8d4882a9d681a63da55d7ac7dd5367d9b71c3373",
        "is_verified": false,
        "line_number": 5
      }
    ],
    "services/rag-pedago/data/embeddings/review_manifest.json": [
      {
        "type": "Hex High Entropy String",
        "filename": "services/rag-pedago/data/embeddings/review_manifest.json",
        "hashed_secret": "f4546fc80211cc485a782927640a6ecae335afb4",
        "is_verified": false,
        "line_number": 7
      },
      {
        "type": "Hex High Entropy String",
        "filename": "services/rag-pedago/data/embeddings/review_manifest.json",
        "hashed_secret": "5de8f98f73fa1db052651ecd91f568915307b94c",
        "is_verified": false,
        "line_number": 11
      },
      {
        "type": "Hex High Entropy String",
        "filename": "services/rag-pedago/data/embeddings/review_manifest.json",
        "hashed_secret": "304e781c48479aab8947d597acd04911f16f1c33",
        "is_verified": false,
        "line_number": 15
      },
      {
        "type": "Hex High Entropy String",
        "filename": "services/rag-pedago/data/embeddings/review_manifest.json",
        "hashed_secret": "987a150804c533bc6a80dd30bf2f1876f3c8f6ad",
        "is_verified": false,
        "line_number": 19
      },
      {
        "type": "Hex High Entropy String",
        "filename": "services/rag-pedago/data/embeddings/review_manifest.json",
        "hashed_secret": "c604c47fa1d1091b15d6fdbdf5ff6dacee8d1633",
        "is_verified": false,
        "line_number": 23
      },
      {
        "type": "Hex High Entropy String",
        "filename": "services/rag-pedago/data/embeddings/review_manifest.json",
        "hashed_secret": "b1135e5dd2af9ef52b7eac4e1a5046622b241f29",
        "is_verified": false,
        "line_number": 27
      },
      {
        "type": "Hex High Entropy String",
        "filename": "services/rag-pedago/data/embeddings/review_manifest.json",
        "hashed_secret": "36ef5a027ae17658679eb16f6346232048d2d42f",
        "is_verified": false,
        "line_number": 31
      },
      {
        "type": "Hex High Entropy String",
        "filename": "services/rag-pedago/data/embeddings/review_manifest.json",
        "hashed_secret": "af89da264690271100fb6d163c768dcca648f09d",
        "is_verified": false,
        "line_number": 35
      },
      {
        "type": "Hex High Entropy String",
        "filename": "services/rag-pedago/data/embeddings/review_manifest.json",
        "hashed_secret": "7660ffac2327fd1aeb23916cac85d6eb87f9fbbd",
        "is_verified": false,
        "line_number": 39
      },
      {
        "type": "Hex High Entropy String",
        "filename": "services/rag-pedago/data/embeddings/review_manifest.json",
        "hashed_secret": "d8cd141317e3c1ba5b2e0d5abbfeedac5a1c9fcc",
        "is_verified": false,
        "line_number": 43
      },
      {
        "type": "Hex High Entropy String",
        "filename": "services/rag-pedago/data/embeddings/review_manifest.json",
        "hashed_secret": "39054e0fee465db20087811c1962403433a098e0",
        "is_verified": false,
        "line_number": 47
      },
      {
        "type": "Hex High Entropy String",
        "filename": "services/rag-pedago/data/embeddings/review_manifest.json",
        "hashed_secret": "33fcb410405578a66874a3ae0ccdf11d5f36c092",
        "is_verified": false,
        "line_number": 51
      },
      {
        "type": "Hex High Entropy String",
        "filename": "services/rag-pedago/data/embeddings/review_manifest.json",
        "hashed_secret": "1819734019430219655725598649cdeda3209819",
        "is_verified": false,
        "line_number": 55
      },
      {
        "type": "Hex High Entropy String",
        "filename": "services/rag-pedago/data/embeddings/review_manifest.json",
        "hashed_secret": "3edc1c93524c7ae6d1c2f729d0cb6f5a06687f27",
        "is_verified": false,
        "line_number": 59
      },
      {
        "type": "Hex High Entropy String",
        "filename": "services/rag-pedago/data/embeddings/review_manifest.json",
        "hashed_secret": "c8cba03775bb3b8f34d12dff38c39f5b54fb8cfc",
        "is_verified": false,
        "line_number": 63
      },
      {
        "type": "Hex High Entropy String",
        "filename": "services/rag-pedago/data/embeddings/review_manifest.json",
        "hashed_secret": "03f8b67e278f02784c808801b5c663426ca70657",
        "is_verified": false,
        "line_number": 67
      },
      {
        "type": "Hex High Entropy String",
        "filename": "services/rag-pedago/data/embeddings/review_manifest.json",
        "hashed_secret": "d2aa91858005d6288ba2274435133c6d6ef4ff7f",
        "is_verified": false,
        "line_number": 71
      },
      {
        "type": "Hex High Entropy String",
        "filename": "services/rag-pedago/data/embeddings/review_manifest.json",
        "hashed_secret": "08ac98435feb503ded20eedd86b9fd6ad9054dcf",
        "is_verified": false,
        "line_number": 75
      },
      {
        "type": "Hex High Entropy String",
        "filename": "services/rag-pedago/data/embeddings/review_manifest.json",
        "hashed_secret": "d0fa7325fea1ea21b1d56dea70b2be6167e2c9e9",
        "is_verified": false,
        "line_number": 79
      },
      {
        "type": "Hex High Entropy String",
        "filename": "services/rag-pedago/data/embeddings/review_manifest.json",
        "hashed_secret": "c7ec82310de2d34fb1c1bfbb2bdca689849364a5",
        "is_verified": false,
        "line_number": 83
      },
      {
        "type": "Hex High Entropy String",
        "filename": "services/rag-pedago/data/embeddings/review_manifest.json",
        "hashed_secret": "066de241cf57e4290f843f1dc5acd38bb224303c",
        "is_verified": false,
        "line_number": 87
      },
      {
        "type": "Hex High Entropy String",
        "filename": "services/rag-pedago/data/embeddings/review_manifest.json",
        "hashed_secret": "24b8481842482844e1f0a25c4c16d7d4a0a1bcb4",
        "is_verified": false,
        "line_number": 91
      },
      {
        "type": "Hex High Entropy String",
        "filename": "services/rag-pedago/data/embeddings/review_manifest.json",
        "hashed_secret": "0860c41d089c2f8f454f898ef8f8752b0a15ebc8",
        "is_verified": false,
        "line_number": 95
      },
      {
        "type": "Hex High Entropy String",
        "filename": "services/rag-pedago/data/embeddings/review_manifest.json",
        "hashed_secret": "29f7f498a8acf5f84d072d88c0a2fc2d7f49f50b",
        "is_verified": false,
        "line_number": 99
      },
      {
        "type": "Hex High Entropy String",
        "filename": "services/rag-pedago/data/embeddings/review_manifest.json",
        "hashed_secret": "82d98711d00fc7911bebb58d0a97b81b61b2a596",
        "is_verified": false,
        "line_number": 103
      },
      {
        "type": "Hex High Entropy String",
        "filename": "services/rag-pedago/data/embeddings/review_manifest.json",
        "hashed_secret": "93011253f325bddda021a15b01569d739b65a0ab",
        "is_verified": false,
        "line_number": 107
      },
      {
        "type": "Hex High Entropy String",
        "filename": "services/rag-pedago/data/embeddings/review_manifest.json",
        "hashed_secret": "07b3669b352bddd11b6d5c4ccd529032c42fe9d5",
        "is_verified": false,
        "line_number": 111
      },
      {
        "type": "Hex High Entropy String",
        "filename": "services/rag-pedago/data/embeddings/review_manifest.json",
        "hashed_secret": "f2740c57827310314932d60e76680029be6435a0",
        "is_verified": false,
        "line_number": 115
      },
      {
        "type": "Hex High Entropy String",
        "filename": "services/rag-pedago/data/embeddings/review_manifest.json",
        "hashed_secret": "b2b0902a5cfcc74be18bc63cf237e901c58b7077",
        "is_verified": false,
        "line_number": 119
      },
      {
        "type": "Hex High Entropy String",
        "filename": "services/rag-pedago/data/embeddings/review_manifest.json",
        "hashed_secret": "84c0cce2389ec7f9c0d66ad20afbe30c3d39c626",
        "is_verified": false,
        "line_number": 123
      },
      {
        "type": "Hex High Entropy String",
        "filename": "services/rag-pedago/data/embeddings/review_manifest.json",
        "hashed_secret": "1c41f4c2b930f01b2afdd25052cfa99d94858437",
        "is_verified": false,
        "line_number": 127
      },
      {
        "type": "Hex High Entropy String",
        "filename": "services/rag-pedago/data/embeddings/review_manifest.json",
        "hashed_secret": "9da1fa011914717b67b7ee7c7deaa59c59b27d1b",
        "is_verified": false,
        "line_number": 131
      },
      {
        "type": "Hex High Entropy String",
        "filename": "services/rag-pedago/data/embeddings/review_manifest.json",
        "hashed_secret": "9023abdfeec2bdd668c9509636b7ad10fa24f6eb",
        "is_verified": false,
        "line_number": 135
      },
      {
        "type": "Hex High Entropy String",
        "filename": "services/rag-pedago/data/embeddings/review_manifest.json",
        "hashed_secret": "cb257a80767ac5b2a1ae562b657828c6ceacbcb9",
        "is_verified": false,
        "line_number": 139
      },
      {
        "type": "Hex High Entropy String",
        "filename": "services/rag-pedago/data/embeddings/review_manifest.json",
        "hashed_secret": "3ccf465b35aa04250b91431b09939e657de1795f",
        "is_verified": false,
        "line_number": 143
      },
      {
        "type": "Hex High Entropy String",
        "filename": "services/rag-pedago/data/embeddings/review_manifest.json",
        "hashed_secret": "97dd4a1660f9ab1d83bf88d81d46aa25d690ec7d",
        "is_verified": false,
        "line_number": 147
      },
      {
        "type": "Hex High Entropy String",
        "filename": "services/rag-pedago/data/embeddings/review_manifest.json",
        "hashed_secret": "6da0a36212260e851cf01906f0cf2aeef8416334",
        "is_verified": false,
        "line_number": 151
      },
      {
        "type": "Hex High Entropy String",
        "filename": "services/rag-pedago/data/embeddings/review_manifest.json",
        "hashed_secret": "cf8bd105c7704d45d493b36b37d7f90d291a03fc",
        "is_verified": false,
        "line_number": 155
      },
      {
        "type": "Hex High Entropy String",
        "filename": "services/rag-pedago/data/embeddings/review_manifest.json",
        "hashed_secret": "36b8a4b1a39f7f9521f91f2fb3bfc8ac9b9c779a",
        "is_verified": false,
        "line_number": 159
      },
      {
        "type": "Hex High Entropy String",
        "filename": "services/rag-pedago/data/embeddings/review_manifest.json",
        "hashed_secret": "8dcc45e6555d5a552269d68ec87ef118145e0680",
        "is_verified": false,
        "line_number": 163
      },
      {
        "type": "Hex High Entropy String",
        "filename": "services/rag-pedago/data/embeddings/review_manifest.json",
        "hashed_secret": "7ac291c056975c589c2f2b66801402941eb533c2",
        "is_verified": false,
        "line_number": 167
      },
      {
        "type": "Hex High Entropy String",
        "filename": "services/rag-pedago/data/embeddings/review_manifest.json",
        "hashed_secret": "2699a3235c0ef5ef4242cee25483b86c1e76b4d0",
        "is_verified": false,
        "line_number": 171
      },
      {
        "type": "Hex High Entropy String",
        "filename": "services/rag-pedago/data/embeddings/review_manifest.json",
        "hashed_secret": "118008aca032aa8b669fe95e4a255b2fb6deeedb",
        "is_verified": false,
        "line_number": 175
      },
      {
        "type": "Hex High Entropy String",
        "filename": "services/rag-pedago/data/embeddings/review_manifest.json",
        "hashed_secret": "209dcd86e5f949b23e7b799b071196132541f878",
        "is_verified": false,
        "line_number": 179
      },
      {
        "type": "Hex High Entropy String",
        "filename": "services/rag-pedago/data/embeddings/review_manifest.json",
        "hashed_secret": "87481c0990cb84aa19f254805d5d71254ae99422",
        "is_verified": false,
        "line_number": 183
      },
      {
        "type": "Hex High Entropy String",
        "filename": "services/rag-pedago/data/embeddings/review_manifest.json",
        "hashed_secret": "005ca14434c253c8d55e0320c33acd212a88b0c2",
        "is_verified": false,
        "line_number": 187
      },
      {
        "type": "Hex High Entropy String",
        "filename": "services/rag-pedago/data/embeddings/review_manifest.json",
        "hashed_secret": "035f7b5c971ac8486794eb98c93768041d3b2300",
        "is_verified": false,
        "line_number": 191
      },
      {
        "type": "Hex High Entropy String",
        "filename": "services/rag-pedago/data/embeddings/review_manifest.json",
        "hashed_secret": "c993b9a110715d58a6cc7dd7acaf9f80a89bcc6f",
        "is_verified": false,
        "line_number": 195
      },
      {
        "type": "Hex High Entropy String",
        "filename": "services/rag-pedago/data/embeddings/review_manifest.json",
        "hashed_secret": "7293dc9210882ebc4a86bc038f0baa8742b8781b",
        "is_verified": false,
        "line_number": 199
      },
      {
        "type": "Hex High Entropy String",
        "filename": "services/rag-pedago/data/embeddings/review_manifest.json",
        "hashed_secret": "741a93abcf59728a72d918d89d9db7cf4d08cda4",
        "is_verified": false,
        "line_number": 203
      },
      {
        "type": "Hex High Entropy String",
        "filename": "services/rag-pedago/data/embeddings/review_manifest.json",
        "hashed_secret": "0f0718579e6ee29d05f3c8b59cc15cb26f596dde",
        "is_verified": false,
        "line_number": 207
      },
      {
        "type": "Hex High Entropy String",
        "filename": "services/rag-pedago/data/embeddings/review_manifest.json",
        "hashed_secret": "f48291249e8804cec2466a9b1dd750fab0ede478",
        "is_verified": false,
        "line_number": 211
      },
      {
        "type": "Hex High Entropy String",
        "filename": "services/rag-pedago/data/embeddings/review_manifest.json",
        "hashed_secret": "323aaacc60b632eebbb88e1bfe431c357eefcf25",
        "is_verified": false,
        "line_number": 215
      },
      {
        "type": "Hex High Entropy String",
        "filename": "services/rag-pedago/data/embeddings/review_manifest.json",
        "hashed_secret": "2f3cc6ef914c62d0c1e6a9768baf5c77c656099a",
        "is_verified": false,
        "line_number": 219
      },
      {
        "type": "Hex High Entropy String",
        "filename": "services/rag-pedago/data/embeddings/review_manifest.json",
        "hashed_secret": "836e48c2855b2f811d9c31ad9d5853e6d990c1be",
        "is_verified": false,
        "line_number": 223
      },
      {
        "type": "Hex High Entropy String",
        "filename": "services/rag-pedago/data/embeddings/review_manifest.json",
        "hashed_secret": "6bc1c77471f8310b68d5ec440201d47493123c06",
        "is_verified": false,
        "line_number": 227
      },
      {
        "type": "Hex High Entropy String",
        "filename": "services/rag-pedago/data/embeddings/review_manifest.json",
        "hashed_secret": "4aada2463d2beefcdd9c1575341af145d6fe3d35",
        "is_verified": false,
        "line_number": 231
      },
      {
        "type": "Hex High Entropy String",
        "filename": "services/rag-pedago/data/embeddings/review_manifest.json",
        "hashed_secret": "df6b16977ec7267f64c83ca67f3795af0ada7fa2",
        "is_verified": false,
        "line_number": 235
      },
      {
        "type": "Hex High Entropy String",
        "filename": "services/rag-pedago/data/embeddings/review_manifest.json",
        "hashed_secret": "97a46319764436af9a0dabab038c570aab5aa748",
        "is_verified": false,
        "line_number": 239
      },
      {
        "type": "Hex High Entropy String",
        "filename": "services/rag-pedago/data/embeddings/review_manifest.json",
        "hashed_secret": "c265b8e69acf228a912637f9f46d86ec052cdccc",
        "is_verified": false,
        "line_number": 243
      },
      {
        "type": "Hex High Entropy String",
        "filename": "services/rag-pedago/data/embeddings/review_manifest.json",
        "hashed_secret": "0752ff0d029a045b0a0e5dc363117d8cb87586bc",
        "is_verified": false,
        "line_number": 247
      },
      {
        "type": "Hex High Entropy String",
        "filename": "services/rag-pedago/data/embeddings/review_manifest.json",
        "hashed_secret": "ca769dfb5de1781b34d386a3c835f6e89bb00592",
        "is_verified": false,
        "line_number": 251
      },
      {
        "type": "Hex High Entropy String",
        "filename": "services/rag-pedago/data/embeddings/review_manifest.json",
        "hashed_secret": "5ae0b65c6cfc93ed4fb82b2afd78068f613eeafd",
        "is_verified": false,
        "line_number": 255
      },
      {
        "type": "Hex High Entropy String",
        "filename": "services/rag-pedago/data/embeddings/review_manifest.json",
        "hashed_secret": "6c6e407d4b6f56587301aa86c847c2ffba1cc0f2",
        "is_verified": false,
        "line_number": 259
      },
      {
        "type": "Hex High Entropy String",
        "filename": "services/rag-pedago/data/embeddings/review_manifest.json",
        "hashed_secret": "50b5164072791ac26cc4aea96b94c713b1b6e616",
        "is_verified": false,
        "line_number": 263
      },
      {
        "type": "Hex High Entropy String",
        "filename": "services/rag-pedago/data/embeddings/review_manifest.json",
        "hashed_secret": "61c98e2b6d6b93290e87c87afbcbc911282e36cf",
        "is_verified": false,
        "line_number": 267
      },
      {
        "type": "Hex High Entropy String",
        "filename": "services/rag-pedago/data/embeddings/review_manifest.json",
        "hashed_secret": "6e1490c99e1b0212481107a004170d4f852a9ae6",
        "is_verified": false,
        "line_number": 271
      },
      {
        "type": "Hex High Entropy String",
        "filename": "services/rag-pedago/data/embeddings/review_manifest.json",
        "hashed_secret": "8cfdc828b1a95ff2809e1b8940552880f8d636ed",
        "is_verified": false,
        "line_number": 275
      },
      {
        "type": "Hex High Entropy String",
        "filename": "services/rag-pedago/data/embeddings/review_manifest.json",
        "hashed_secret": "1e9843daa199fcf3e775ac5329a88e2d5f2c13f2",
        "is_verified": false,
        "line_number": 279
      },
      {
        "type": "Hex High Entropy String",
        "filename": "services/rag-pedago/data/embeddings/review_manifest.json",
        "hashed_secret": "e50c84b0579c5e00f3e63649dfa7d8fb34705f4f",
        "is_verified": false,
        "line_number": 283
      },
      {
        "type": "Hex High Entropy String",
        "filename": "services/rag-pedago/data/embeddings/review_manifest.json",
        "hashed_secret": "b66528618b2962b05c7435458a4d8fd84cc65c48",
        "is_verified": false,
        "line_number": 287
      },
      {
        "type": "Hex High Entropy String",
        "filename": "services/rag-pedago/data/embeddings/review_manifest.json",
        "hashed_secret": "ac45aa459f03ccef4f6dabdb672053f7a1673aa0",
        "is_verified": false,
        "line_number": 291
      },
      {
        "type": "Hex High Entropy String",
        "filename": "services/rag-pedago/data/embeddings/review_manifest.json",
        "hashed_secret": "f0b6894df63c40bbddfc5131411f40b601bd7bd9",
        "is_verified": false,
        "line_number": 295
      },
      {
        "type": "Hex High Entropy String",
        "filename": "services/rag-pedago/data/embeddings/review_manifest.json",
        "hashed_secret": "749b2ea6c07bc3b7d38995cab198286bf8ccec4f",
        "is_verified": false,
        "line_number": 299
      },
      {
        "type": "Hex High Entropy String",
        "filename": "services/rag-pedago/data/embeddings/review_manifest.json",
        "hashed_secret": "e2e0adee688de8a95576e0f2e6913c153553f7f4",
        "is_verified": false,
        "line_number": 303
      },
      {
        "type": "Hex High Entropy String",
        "filename": "services/rag-pedago/data/embeddings/review_manifest.json",
        "hashed_secret": "0954866effaa29676815bf467a8ebfa23066d133",
        "is_verified": false,
        "line_number": 307
      },
      {
        "type": "Hex High Entropy String",
        "filename": "services/rag-pedago/data/embeddings/review_manifest.json",
        "hashed_secret": "cb68903067e5c3e6e16c754f50039ff88aeb5de4",
        "is_verified": false,
        "line_number": 311
      },
      {
        "type": "Hex High Entropy String",
        "filename": "services/rag-pedago/data/embeddings/review_manifest.json",
        "hashed_secret": "1c236469e85c98b3777740591d9f245f4da2c046",
        "is_verified": false,
        "line_number": 315
      },
      {
        "type": "Hex High Entropy String",
        "filename": "services/rag-pedago/data/embeddings/review_manifest.json",
        "hashed_secret": "9194c40b6769aef23dd9a8667813b4a6b5a45d89",
        "is_verified": false,
        "line_number": 319
      },
      {
        "type": "Hex High Entropy String",
        "filename": "services/rag-pedago/data/embeddings/review_manifest.json",
        "hashed_secret": "d9b44419e1092b2113fa2d81755fa1b560444e59",
        "is_verified": false,
        "line_number": 323
      },
      {
        "type": "Hex High Entropy String",
        "filename": "services/rag-pedago/data/embeddings/review_manifest.json",
        "hashed_secret": "c4428408a5d326d0b96123a86a6ba3e94de4ad63",
        "is_verified": false,
        "line_number": 327
      },
      {
        "type": "Hex High Entropy String",
        "filename": "services/rag-pedago/data/embeddings/review_manifest.json",
        "hashed_secret": "d2867baea25306fb7a1c245fcc84c2f1d1d68643",
        "is_verified": false,
        "line_number": 331
      },
      {
        "type": "Hex High Entropy String",
        "filename": "services/rag-pedago/data/embeddings/review_manifest.json",
        "hashed_secret": "bdd051703db968424ee5f5c1130b5b0e784bdfad",
        "is_verified": false,
        "line_number": 335
      },
      {
        "type": "Hex High Entropy String",
        "filename": "services/rag-pedago/data/embeddings/review_manifest.json",
        "hashed_secret": "14bcbdc5f240b2d96dbc38210637cd6fca411174",
        "is_verified": false,
        "line_number": 339
      },
      {
        "type": "Hex High Entropy String",
        "filename": "services/rag-pedago/data/embeddings/review_manifest.json",
        "hashed_secret": "9739d44822b1de6ce32a38ebd1a1eeec6adc927b",
        "is_verified": false,
        "line_number": 343
      },
      {
        "type": "Hex High Entropy String",
        "filename": "services/rag-pedago/data/embeddings/review_manifest.json",
        "hashed_secret": "b000273e0e9023e698b9eb0a8ff2522240678aff",
        "is_verified": false,
        "line_number": 347
      },
      {
        "type": "Hex High Entropy String",
        "filename": "services/rag-pedago/data/embeddings/review_manifest.json",
        "hashed_secret": "9e479490ae69e6a799bf0d7098dc6915765072dc",
        "is_verified": false,
        "line_number": 351
      },
      {
        "type": "Hex High Entropy String",
        "filename": "services/rag-pedago/data/embeddings/review_manifest.json",
        "hashed_secret": "0f0a0f952e69bdf7212ea8c0a1caac612805b884",
        "is_verified": false,
        "line_number": 355
      },
      {
        "type": "Hex High Entropy String",
        "filename": "services/rag-pedago/data/embeddings/review_manifest.json",
        "hashed_secret": "4da0e2447944e8482b5e9c4eaca74bbecd6c463c",
        "is_verified": false,
        "line_number": 359
      },
      {
        "type": "Hex High Entropy String",
        "filename": "services/rag-pedago/data/embeddings/review_manifest.json",
        "hashed_secret": "c193f31f1b3665d8698680d95fea17533fdf6fe2",
        "is_verified": false,
        "line_number": 363
      },
      {
        "type": "Hex High Entropy String",
        "filename": "services/rag-pedago/data/embeddings/review_manifest.json",
        "hashed_secret": "54bfe53e025c74937cf5a61036a8c5888e94b159",
        "is_verified": false,
        "line_number": 367
      },
      {
        "type": "Hex High Entropy String",
        "filename": "services/rag-pedago/data/embeddings/review_manifest.json",
        "hashed_secret": "f9d602e5940d416a7b17f2b248088422672a5221",
        "is_verified": false,
        "line_number": 371
      },
      {
        "type": "Hex High Entropy String",
        "filename": "services/rag-pedago/data/embeddings/review_manifest.json",
        "hashed_secret": "3d212453683b979477b4e61837b816f0fde8a16b",
        "is_verified": false,
        "line_number": 375
      },
      {
        "type": "Hex High Entropy String",
        "filename": "services/rag-pedago/data/embeddings/review_manifest.json",
        "hashed_secret": "321279ca1143697182324f7b92fa76430ef91236",
        "is_verified": false,
        "line_number": 379
      },
      {
        "type": "Hex High Entropy String",
        "filename": "services/rag-pedago/data/embeddings/review_manifest.json",
        "hashed_secret": "52633ebff28888285b6ea5945b5615cfb130661c",
        "is_verified": false,
        "line_number": 383
      },
      {
        "type": "Hex High Entropy String",
        "filename": "services/rag-pedago/data/embeddings/review_manifest.json",
        "hashed_secret": "14262232ec6299e8da07ddd7204f88ebfb91b1b4",
        "is_verified": false,
        "line_number": 387
      },
      {
        "type": "Hex High Entropy String",
        "filename": "services/rag-pedago/data/embeddings/review_manifest.json",
        "hashed_secret": "a97807956151c540bb5869fc12f742f170ab85a7",
        "is_verified": false,
        "line_number": 391
      },
      {
        "type": "Hex High Entropy String",
        "filename": "services/rag-pedago/data/embeddings/review_manifest.json",
        "hashed_secret": "d650bd99a6036aadf67c56d78732c4244269d1b5",
        "is_verified": false,
        "line_number": 395
      },
      {
        "type": "Hex High Entropy String",
        "filename": "services/rag-pedago/data/embeddings/review_manifest.json",
        "hashed_secret": "a69fbf736b529bfdd1620db8d62235c7a92e3cf2",
        "is_verified": false,
        "line_number": 399
      },
      {
        "type": "Hex High Entropy String",
        "filename": "services/rag-pedago/data/embeddings/review_manifest.json",
        "hashed_secret": "0b2732376dd68c4636cc8d46f2cab5b1844637dc",
        "is_verified": false,
        "line_number": 403
      },
      {
        "type": "Hex High Entropy String",
        "filename": "services/rag-pedago/data/embeddings/review_manifest.json",
        "hashed_secret": "2a0703e5f4132448bdff72162526e7d36147406d",
        "is_verified": false,
        "line_number": 407
      },
      {
        "type": "Hex High Entropy String",
        "filename": "services/rag-pedago/data/embeddings/review_manifest.json",
        "hashed_secret": "95e74568472720bdbaa8f6deafd1c686d4c9e4e7",
        "is_verified": false,
        "line_number": 411
      },
      {
        "type": "Hex High Entropy String",
        "filename": "services/rag-pedago/data/embeddings/review_manifest.json",
        "hashed_secret": "c3252b7ea23dd7fdb4dc797dbb3c3899baef5125",
        "is_verified": false,
        "line_number": 415
      },
      {
        "type": "Hex High Entropy String",
        "filename": "services/rag-pedago/data/embeddings/review_manifest.json",
        "hashed_secret": "26ce37f0101fe27e29e71f8cba9e3dc418e72113",
        "is_verified": false,
        "line_number": 419
      },
      {
        "type": "Hex High Entropy String",
        "filename": "services/rag-pedago/data/embeddings/review_manifest.json",
        "hashed_secret": "2e3f41fd98c436c98974475c53b0d69db4e06fde",
        "is_verified": false,
        "line_number": 423
      },
      {
        "type": "Hex High Entropy String",
        "filename": "services/rag-pedago/data/embeddings/review_manifest.json",
        "hashed_secret": "a84635a89a978e55b0edf7b73c50faeb2acd4735",
        "is_verified": false,
        "line_number": 427
      },
      {
        "type": "Hex High Entropy String",
        "filename": "services/rag-pedago/data/embeddings/review_manifest.json",
        "hashed_secret": "01ce3350e9445a10fcaa73f5ef98893686964b3f",
        "is_verified": false,
        "line_number": 431
      },
      {
        "type": "Hex High Entropy String",
        "filename": "services/rag-pedago/data/embeddings/review_manifest.json",
        "hashed_secret": "ea3487c7d32f47f54d379590cb38911dca69b01b",
        "is_verified": false,
        "line_number": 435
      },
      {
        "type": "Hex High Entropy String",
        "filename": "services/rag-pedago/data/embeddings/review_manifest.json",
        "hashed_secret": "f8704a96f77c05632fc92d05dde34cc9cd6f2beb",
        "is_verified": false,
        "line_number": 439
      },
      {
        "type": "Hex High Entropy String",
        "filename": "services/rag-pedago/data/embeddings/review_manifest.json",
        "hashed_secret": "9bbb5b065cfe03eae0faf0e4998e1d1ef0668f1a",
        "is_verified": false,
        "line_number": 443
      },
      {
        "type": "Hex High Entropy String",
        "filename": "services/rag-pedago/data/embeddings/review_manifest.json",
        "hashed_secret": "a87fe3db27014c9098ab4099063726b8ee59a834",
        "is_verified": false,
        "line_number": 447
      },
      {
        "type": "Hex High Entropy String",
        "filename": "services/rag-pedago/data/embeddings/review_manifest.json",
        "hashed_secret": "169c055b2a63ec096892605d03593160a292d4f9",
        "is_verified": false,
        "line_number": 451
      },
      {
        "type": "Hex High Entropy String",
        "filename": "services/rag-pedago/data/embeddings/review_manifest.json",
        "hashed_secret": "046588b7300c3dc9747477cd40e4bcf58b457412",
        "is_verified": false,
        "line_number": 455
      },
      {
        "type": "Hex High Entropy String",
        "filename": "services/rag-pedago/data/embeddings/review_manifest.json",
        "hashed_secret": "caf7ea83ef8bd33038ba1b87763db0c125eea19d",
        "is_verified": false,
        "line_number": 459
      },
      {
        "type": "Hex High Entropy String",
        "filename": "services/rag-pedago/data/embeddings/review_manifest.json",
        "hashed_secret": "4605d683655d28773406f7915606b4e47bff2c6f",
        "is_verified": false,
        "line_number": 463
      },
      {
        "type": "Hex High Entropy String",
        "filename": "services/rag-pedago/data/embeddings/review_manifest.json",
        "hashed_secret": "589128f8e87b0cd7cd22e0c013403aea61e0bc2c",
        "is_verified": false,
        "line_number": 467
      },
      {
        "type": "Hex High Entropy String",
        "filename": "services/rag-pedago/data/embeddings/review_manifest.json",
        "hashed_secret": "c80b96909f60498c05887244ab4d8dc810883bd1",
        "is_verified": false,
        "line_number": 471
      },
      {
        "type": "Hex High Entropy String",
        "filename": "services/rag-pedago/data/embeddings/review_manifest.json",
        "hashed_secret": "5b410717992b69f39862f20dad66677e728c61e0",
        "is_verified": false,
        "line_number": 475
      },
      {
        "type": "Hex High Entropy String",
        "filename": "services/rag-pedago/data/embeddings/review_manifest.json",
        "hashed_secret": "2627acace6bdb6a3610b5d12ce3335081404711f",
        "is_verified": false,
        "line_number": 479
      },
      {
        "type": "Hex High Entropy String",
        "filename": "services/rag-pedago/data/embeddings/review_manifest.json",
        "hashed_secret": "8aff91b079b98717544fa99d3fa37d17ffdc7c7f",
        "is_verified": false,
        "line_number": 483
      },
      {
        "type": "Hex High Entropy String",
        "filename": "services/rag-pedago/data/embeddings/review_manifest.json",
        "hashed_secret": "33e8421ad8676004b665eb98ce0950d904ce480e",
        "is_verified": false,
        "line_number": 487
      },
      {
        "type": "Hex High Entropy String",
        "filename": "services/rag-pedago/data/embeddings/review_manifest.json",
        "hashed_secret": "874947bb36861d1d3f9cbc7a9f970e8baa573c35",
        "is_verified": false,
        "line_number": 491
      },
      {
        "type": "Hex High Entropy String",
        "filename": "services/rag-pedago/data/embeddings/review_manifest.json",
        "hashed_secret": "953ad4b6cce6f202ebf1fcde908e66766f532a1f",
        "is_verified": false,
        "line_number": 495
      },
      {
        "type": "Hex High Entropy String",
        "filename": "services/rag-pedago/data/embeddings/review_manifest.json",
        "hashed_secret": "69b9f921c7df78e847bda1472451d6b6b6246b94",
        "is_verified": false,
        "line_number": 499
      }
    ],
    "services/rag-pedago/data/staging/programmes/mathematiques_seconde_enseignement_commun.pdf.meta.json": [
      {
        "type": "Hex High Entropy String",
        "filename": "services/rag-pedago/data/staging/programmes/mathematiques_seconde_enseignement_commun.pdf.meta.json",
        "hashed_secret": "f21a6d52bc87629bebcdaa65fcc08c60dd8d15dc",
        "is_verified": false,
        "line_number": 8
      }
    ],
    "services/rag-pedago/data/staging/programmes/nsi_premiere_specialite.pdf.meta.json": [
      {
        "type": "Hex High Entropy String",
        "filename": "services/rag-pedago/data/staging/programmes/nsi_premiere_specialite.pdf.meta.json",
        "hashed_secret": "4dd19e270aefa87141748404fe08becb59f8c4c5",
        "is_verified": false,
        "line_number": 8
      }
    ],
    "services/rag-pedago/rag_pedago/imports/human_unlock_guard.py": [
      {
        "type": "Private Key",
        "filename": "services/rag-pedago/rag_pedago/imports/human_unlock_guard.py",
        "hashed_secret": "1348b145fa1a555461c1b790a2f66614781091e9",
        "is_verified": false,
        "line_number": 46
      }
    ],
    "services/rag-pedago/scripts/metadata_governance_chain_audit.py": [
      {
        "type": "Hex High Entropy String",
        "filename": "services/rag-pedago/scripts/metadata_governance_chain_audit.py",
        "hashed_secret": "fd4c3c3b5585fbefe5f5c848789f51766e6425a5",
        "is_verified": false,
        "line_number": 16
      }
    ],
    "services/rag-pedago/scripts/metadata_review_handoff_audit.py": [
      {
        "type": "Hex High Entropy String",
        "filename": "services/rag-pedago/scripts/metadata_review_handoff_audit.py",
        "hashed_secret": "8d4882a9d681a63da55d7ac7dd5367d9b71c3373",
        "is_verified": false,
        "line_number": 20
      }
    ],
    "services/rag-pedago/tests/unit/test_pilot_manifest_compiler.py": [
      {
        "type": "Private Key",
        "filename": "services/rag-pedago/tests/unit/test_pilot_manifest_compiler.py",
        "hashed_secret": "1348b145fa1a555461c1b790a2f66614781091e9",
        "is_verified": false,
        "line_number": 224
      }
    ],
    "services/rag-pedago/tests/unit/test_pilot_manifest_template.py": [
      {
        "type": "Private Key",
        "filename": "services/rag-pedago/tests/unit/test_pilot_manifest_template.py",
        "hashed_secret": "1348b145fa1a555461c1b790a2f66614781091e9",
        "is_verified": false,
        "line_number": 65
      }
    ],
    "services/rag-pedago/tests/unit/test_pilot_metadata_rehearsal.py": [
      {
        "type": "Private Key",
        "filename": "services/rag-pedago/tests/unit/test_pilot_metadata_rehearsal.py",
        "hashed_secret": "1348b145fa1a555461c1b790a2f66614781091e9",
        "is_verified": false,
        "line_number": 150
      }
    ],
    "services/rag-pedago/tests/unit/test_query_agents.py": [
      {
        "type": "Secret Keyword",
        "filename": "services/rag-pedago/tests/unit/test_query_agents.py",
        "hashed_secret": "fe1bae27cb7c1fb823f496f286e78f1d2ae87734",
        "is_verified": false,
        "line_number": 61
      }
    ],
    "services/rag-pedago/tests/unit/test_real_draft_guard.py": [
      {
        "type": "Private Key",
        "filename": "services/rag-pedago/tests/unit/test_real_draft_guard.py",
        "hashed_secret": "1348b145fa1a555461c1b790a2f66614781091e9",
        "is_verified": false,
        "line_number": 196
      }
    ],
    "services/rag-pedago/tests/unit/test_real_draft_unlock_gate.py": [
      {
        "type": "Private Key",
        "filename": "services/rag-pedago/tests/unit/test_real_draft_unlock_gate.py",
        "hashed_secret": "1348b145fa1a555461c1b790a2f66614781091e9",
        "is_verified": false,
        "line_number": 208
      }
    ]
  },
  "generated_at": "2026-06-30T21:08:13Z"
}
