# NEXUS-AUTHORITY-UNIQUENESS-BASELINE-V1
#
# Un concept, une autorite. Ce fichier epingle l etat CONNU. Le controle
# echoue quand un fichier NON epingle se met a decider, pas quand la dette
# existante reste stable : figer un objectif non atteint rendrait le controle
# rouge en permanence, et un controle toujours rouge n est plus lu.
#
# Retirer une ligne est un progres et doit etre fait dans le lot qui converge.
# En ajouter une exige de dire pourquoi une seconde autorite est acceptable.
#
# Format : REGLE<TAB>chemin
# Lignes vides et lignes commencant par # ignorees.

# --- R1 : la matrice de servabilite est DERIVEE, jamais une autorite -----
# Seul son constructeur la lit. Aucun chemin de production ne doit consommer
# son verdict comme source de verite.
MATRIX_READER	services/rag-pedago/scripts/construire_matrice_servabilite.py
# L evaluateur de readiness lit les compteurs de la matrice pour en RENDRE
# COMPTE, jamais pour decider qu un contenu est servable. Il ne rend aucun
# verdict de servabilite, et il ne peut que REFUSER le go-live : une epreuve le
# tient (test_le_lecteur_de_readiness_ne_peut_que_refuser).
MATRIX_READER	scripts/go_live/check_go_live_readiness.py
# L inventaire du corpus Drive lit la matrice pour la CONFRONTER au corpus
# reel et compter ses verdicts, jamais pour en rendre un. Il ne nomme aucun
# verdict bloquant dans son code, et un contenu que la matrice bloque ne peut
# pas ressortir candidat de son cote. Deux epreuves le tiennent
# (test_l_inventaire_ne_rend_aucun_verdict_de_servabilite,
#  test_le_module_ne_definit_aucun_verdict_de_servabilite).
MATRIX_READER	scripts/go_live/build_drive_corpus_inventory.py
# L audit d ingestion lit la matrice pour une seule chose : nommer un contenu
# ingere qu elle ne recense pas. Il ne lit aucun verdict et n en produit aucun.
# Deux epreuves le tiennent (test_l_audit_ne_rend_aucun_verdict_de_servabilite,
# test_le_module_ne_lit_aucun_verdict_de_la_matrice).
MATRIX_READER	scripts/go_live/audit_ingestion_from_dsn.py
# L export des paquets PII lit la matrice pour la CONTREDIRE si elle l est: il
# verifie que l index de revue et la matrice recensent le meme ensemble en
# attente, et refuse en cas de desaccord. Il ne lit aucun verdict autre que le
# blocage PII et n en produit aucun. Trois epreuves le tiennent
# (test_un_desaccord_entre_l_index_et_la_matrice_est_signale,
#  test_l_accord_est_constate_quand_les_deux_recensements_coincident,
#  test_le_module_ne_lit_aucun_verdict_autre_que_le_blocage_pii).
MATRIX_READER	scripts/go_live/export_pii_review_packets.py
# Le preflight de reseal lit la matrice pour SELECTIONNER les contenus a
# exclure - ceux que le gate refuse pour cause d archive - et pour verifier qu
# aucun contenu en attente de decision PII n est touche. Il ne rend aucun
# verdict, n en invente aucun, et ne rescelle rien: son statut est
# PREFLIGHT_ONLY_NOT_APPLIED. Une epreuve le tient
# (test_le_preflight_ne_lit_aucun_verdict_de_servabilite_qu_il_ne_compose).
MATRIX_READER	scripts/go_live/preflight_currentness_reseal.py
# Le generateur d ecart de recherche lit la matrice pour EXCLURE: le perimetre
# indexable est defini comme ce que le gate ne refuse PAS, de sorte qu aucun
# contenu refuse ne puisse devenir atteignable par une requete. L intersection
# est vide par construction, pas par oubli repare. Il ne nomme aucun verdict de
# refus et n en produit aucun. Une epreuve le tient
# (test_le_module_ne_rend_aucun_verdict_de_servabilite).
MATRIX_READER	scripts/go_live/build_rag_searchability_gap.py

# --- R2 : la politique d actualite n a aucun lecteur de production -------
# Elle est applied=false. Un lecteur de production l appliquerait de fait,
# sans passer par l ADR qui l adopte.
#
# L evaluateur de readiness lit le champ `applied` pour DIRE qu il est faux et
# bloquer le go-live. Lire un drapeau pour signaler qu il n est pas leve est
# l inverse de l appliquer : ce lecteur ne peut jamais rendre la politique
# effective, il peut seulement refuser tant qu elle ne l est pas.
CURRENTNESS_POLICY_READER	scripts/go_live/check_go_live_readiness.py
# Depuis ADR-0055, la politique est APPLIQUEE. Ces trois lecteurs sont ceux qui
# l appliquent, et c est voulu :
#  - currentness_disposition.py la charge et REFUSE si elle ne s applique pas ;
#    il ne produit qu une disposition d actualite, jamais un verdict ;
#  - servability_gate.py compose les autorites sans en posseder aucune ;
#  - construire_matrice_servabilite.py delegue sa composition au gate et refuse
#    de se construire si la politique n est pas appliquee.
# Le drapeau et le comportement ne peuvent donc pas diverger.
CURRENTNESS_POLICY_READER	services/rag-pedago/rag_pedago/governance/currentness_disposition.py
CURRENTNESS_POLICY_READER	services/rag-pedago/rag_pedago/governance/servability_gate.py
CURRENTNESS_POLICY_READER	services/rag-pedago/scripts/construire_matrice_servabilite.py

# --- R4 : producteur AuthorizationSetV2 -----------------------------------
# EXACTEMENT un producteur canonique hors du contrat. Il DERIVE les contenus
# autorises des placements de la release ; il ne ressaisit rien. Un second
# producteur pourrait deriver autrement, et deux autorisations qui divergent
# sont pires qu une seule imparfaite.
AUTHORIZATION_V2_PRODUCER	packages/release-chain/src/nexus_release_chain/authorization_v2_producer.py

# --- R4b : chargeur d autorisation ----------------------------------------
# EXACTEMENT un chargeur. Il accepte les deux protocoles et prefere la V2 ; il
# ne verifie rien. Neuf consommateurs qui choisiraient chacun entre V1 et V2
# finiraient par ne pas choisir pareil, et le meme document serait autorise ici
# et refuse la.
AUTHORIZATION_LOADER	packages/contracts/src/nexus_contracts/authorization_loader.py

# --- R5 : selection de release --------------------------------------------
# select_release_authority est le mecanisme contractuel.
# compute_promoted_content_set.py superpose une SECONDE matrice de
# precedence : c est une dette reconnue, epinglee ici, a resorber.
RELEASE_SELECTION	packages/release-chain/src/nexus_release_chain/release_readiness.py
RELEASE_SELECTION	packages/release-chain/src/nexus_release_chain/deployment_binding.py
RELEASE_SELECTION	services/rag-engine/src/ingestor/retrieval_v2_endpoint.py
RELEASE_SELECTION	scripts/qualification/compute_promoted_content_set.py
# L evaluateur de readiness NOMME `select_release_authority` dans sa
# documentation, pour dire a quelle autorite il delegue. Il ne selectionne
# aucune release : il invoque le calculateur canonique et lit sa sortie. Une
# epreuve le tient sur le corps de la fonction — ni balayage de fichiers, ni
# redefinition d une empreinte, ni matrice de precedence.
# (test_le_gate_ne_definit_pas_lui_meme_l_ensemble_promu)
RELEASE_SELECTION	scripts/go_live/check_go_live_readiness.py
